// Jest Snapshot v1, https://goo.gl/fbAQLP

exports[`EditExpense should render EditExpense component 1`] = `
<div>
  <ExpenseForm
    expense={
      Object {
        "amount": 1.95,
        "createdAt": "1",
        "description": "hello world",
        "note": "",
        "uuid": "1",
      }
    }
    onSubmit={[Function]}
  />
  <button
    onClick={[Function]}
  >
    remove
  </button>
</div>
`;
