// Jest Snapshot v1, https://goo.gl/fbAQLP

exports[`should render ExpenseList component 1`] = `
<div>
  <Link
    replace={false}
    to="/edit/1"
  >
    <h3>
      hello world !
    </h3>
  </Link>
  <p>
    $0.45
  </p>
  <p>
    January 1st, 2001
  </p>
</div>
`;
