// Jest Snapshot v1, https://goo.gl/fbAQLP

exports[`it should render ExpenseList component 1`] = `
<div>
  <h1>
    Expense List
  </h1>
  <ExpenseItem
    amount={1.95}
    createdAt="1"
    description="hello world"
    id="1"
    note=""
  />
  <ExpenseItem
    amount={4.44}
    createdAt="2"
    description="hello javascript"
    id="2"
    note=""
  />
  <ExpenseItem
    amount={9.44}
    createdAt="3"
    description="hello scala"
    id="3"
    note=""
  />
</div>
`;
